// Jest Snapshot v1, https://goo.gl/fbAQLP

exports[`SignOut renders correctly 1`] = `
<a
  className="btn btn-default signOutButton"
  onClick={[Function]}
  role="button"
>
  Logout
</a>
`;

exports[`SignOut renders correctly 2`] = `
<a
  className="btn btn-default signOutButton"
  onClick={[Function]}
  role="button"
>
  Logout
</a>
`;
